<html>
<body>
<pre>
<h1>µVision Build Log</h1>
<h2>Project:</h2>
C:\Users\ezueckg\Dropbox\UT\Second Semester\EE319K\SVN\students\ez2959_mtp773\Lab4\Lab4.uvproj
Project File Date:  10/06/2014

<h2>Output:</h2>
Build target 'Lab4'
linking...
Program Size: Code=2248 RO-data=240 RW-data=456 ZI-data=1080  
".\Lab4.axf" - 0 Error(s), 0 Warning(s).
Load "C:\\Users\\ezueckg\\Dropbox\\UT\\Second Semester\\EE319K\\SVN\\students\\ez2959_mtp773\\Lab4\\Lab4.axf" 
Connecting: Mode=JTAG, Speed=1000000Hz
Erase Done.
Programming Done.
Verify OK.
</pre>
</body>
</html>
r: Target DLL has been cancelled. Debugger aborted !
tudents\ez2959_mtp773\Lab4\Lab4.axf'
Load "C:\\Users\\ezueckg\\Dropbox\\UT\\Second Semester\\EE319K\\SVN\\students\\ez2959_mtp773\\Lab4\\Lab4.axf" 
_____^
*** error 56: cannot open file
Error: Flash Download failed  -  Could not load file 'C:\Users\ezueckg\Dropbox\UT\Second Semester\EE319K\SVN\students\ez2959_mtp773\Lab4\Lab4.axf'
