<html>
<body>
<pre>
<h1>µVision Build Log</h1>
<h2>Project:</h2>
C:\Users\ezueckg\Dropbox\UT\Second Semester\EE319K\SVN\students\ez2959_mtp773\Lab8\Lab8.uvproj
Project File Date:  04/12/2015

<h2>Output:</h2>
Build target 'Lab8'
linking...
Program Size: Code=6608 RO-data=2292 RW-data=116 ZI-data=1180  
".\Lab8.axf" - 0 Error(s), 0 Warning(s).
</pre>
</body>
</html>
Dropbox\\UT\\Second Semester\\EE319K\\SVN\\students\\ez2959_mtp773\\Lab8\\Lab8.axf" 
Connecting: Mode=JTAG, Speed=1000000Hz
Erase Done.
Programming Done.
Verify OK.
Error: Target DLL has been cancelled. Debugger aborted !
